// Jest Snapshot v1, https://goo.gl/fbAQLP

exports[`should render the Episode 1`] = `
Array [
  <div
    className="episodeContainer"
  >
    <div
      className="loader"
    />
  </div>,
]
`;
