// Jest Snapshot v1, https://goo.gl/fbAQLP

exports[`should render the StarRating 1`] = `
Array [
  <div
    className="rating"
    data-rating={0}
    onMouseOut={[Function]}
  />,
]
`;
