// Jest Snapshot v1, https://goo.gl/fbAQLP

exports[`should render the App 1`] = `
Array [
  <SearchContextProvider>
    <App />
  </SearchContextProvider>,
]
`;
