// Jest Snapshot v1, https://goo.gl/fbAQLP

exports[`should render the Podcast 1`] = `
Array [
  <React.Fragment>
    <div
      className="podcastContainer"
    >
      <div
        className="loader"
      />
    </div>
  </React.Fragment>,
]
`;
